// Jest Snapshot v1, https://goo.gl/fbAQLP

exports[`Remote Triage workflow renders correctly 1`] = `
"<Wizard dataLayout={{...}} heading={[undefined]} maxWidth={false}>
  <TriageIdentifier name=\\"Lookup\\" />
  <TriageDetails name=\\"Details\\" />
</Wizard>"
`;
