// Jest Snapshot v1, https://goo.gl/fbAQLP

exports[`renders correctly 1`] = `
<DocumentFragment>
  <div
    class="MuiContainer-root css-d4rst-MuiContainer-root"
  >
    <div
      class="MuiGrid-root MuiGrid-container css-1yw6yql-MuiGrid-root"
    >
      <div
        class="MuiGrid-root MuiGrid-container MuiGrid-item MuiGrid-spacing-xs-2 MuiGrid-direction-xs-column MuiGrid-wrap-xs-nowrap css-mwk3cp-MuiGrid-root"
      >
        <div
          class="MuiGrid-root MuiGrid-item MuiGrid-grid-xs-auto css-omj7fc-MuiGrid-root"
        >
          <div
            class="css-n5nrl9"
          >
            <div
              class="MuiStepper-root MuiStepper-horizontal MuiStepper-alternativeLabel css-10mg1vw-MuiStepper-root"
            >
              <div
                class="MuiStep-root MuiStep-horizontal MuiStep-alternativeLabel css-n7tliy-MuiStep-root"
              >
                <span
                  class="MuiStepLabel-root MuiStepLabel-horizontal MuiStepLabel-alternativeLabel css-ascpo7-MuiStepLabel-root"
                >
                  <span
                    class="MuiStepLabel-iconContainer MuiStepLabel-alternativeLabel css-vnkopk-MuiStepLabel-iconContainer"
                  >
                    <div
                      background="#ffffff"
                      border="2px solid #3548D4"
                      class=" css-1xlrzg7"
                    >
                      <div
                        class="css-h5bkmw"
                        font="#3548D4"
                      >
                        1
                      </div>
                    </div>
                  </span>
                  <span
                    class="MuiStepLabel-labelContainer css-17kxmxq-MuiStepLabel-labelContainer"
                  >
                    <span
                      class="MuiStepLabel-label Mui-active MuiStepLabel-alternativeLabel css-15exmdl-MuiStepLabel-label"
                    >
                      Lookup
                    </span>
                  </span>
                </span>
              </div>
              <div
                class="MuiStep-root MuiStep-horizontal MuiStep-alternativeLabel css-n7tliy-MuiStep-root"
              >
                <div
                  class="MuiStepConnector-root MuiStepConnector-horizontal MuiStepConnector-alternativeLabel Mui-disabled css-zpcwqm-MuiStepConnector-root"
                >
                  <span
                    class="MuiStepConnector-line MuiStepConnector-lineHorizontal css-w01xna-MuiStepConnector-line"
                  />
                </div>
                <span
                  class="MuiStepLabel-root MuiStepLabel-horizontal Mui-disabled MuiStepLabel-alternativeLabel css-ascpo7-MuiStepLabel-root"
                >
                  <span
                    class="MuiStepLabel-iconContainer MuiStepLabel-alternativeLabel css-vnkopk-MuiStepLabel-iconContainer"
                  >
                    <div
                      background="#DBDBE0"
                      border="#DBDBE0"
                      class=" css-yqpyq0"
                    >
                      <div
                        class="css-1c0nvhn"
                        font="rgba(13, 16, 48, 0.38)"
                      >
                        2
                      </div>
                    </div>
                  </span>
                  <span
                    class="MuiStepLabel-labelContainer css-17kxmxq-MuiStepLabel-labelContainer"
                  >
                    <span
                      class="MuiStepLabel-label Mui-disabled MuiStepLabel-alternativeLabel css-15exmdl-MuiStepLabel-label"
                    >
                      Verify
                    </span>
                  </span>
                </span>
              </div>
              <div
                class="MuiStep-root MuiStep-horizontal MuiStep-alternativeLabel css-n7tliy-MuiStep-root"
              >
                <div
                  class="MuiStepConnector-root MuiStepConnector-horizontal MuiStepConnector-alternativeLabel Mui-disabled css-zpcwqm-MuiStepConnector-root"
                >
                  <span
                    class="MuiStepConnector-line MuiStepConnector-lineHorizontal css-w01xna-MuiStepConnector-line"
                  />
                </div>
                <span
                  class="MuiStepLabel-root MuiStepLabel-horizontal Mui-disabled MuiStepLabel-alternativeLabel css-ascpo7-MuiStepLabel-root"
                >
                  <span
                    class="MuiStepLabel-iconContainer MuiStepLabel-alternativeLabel css-vnkopk-MuiStepLabel-iconContainer"
                  >
                    <div
                      background="#DBDBE0"
                      border="#DBDBE0"
                      class=" css-yqpyq0"
                    >
                      <div
                        class="css-1c0nvhn"
                        font="rgba(13, 16, 48, 0.38)"
                      >
                        3
                      </div>
                    </div>
                  </span>
                  <span
                    class="MuiStepLabel-labelContainer css-17kxmxq-MuiStepLabel-labelContainer"
                  >
                    <span
                      class="MuiStepLabel-label Mui-disabled MuiStepLabel-alternativeLabel css-15exmdl-MuiStepLabel-label"
                    >
                      Result
                    </span>
                  </span>
                </span>
              </div>
            </div>
          </div>
        </div>
        <div
          class="MuiGrid-root MuiGrid-item MuiGrid-grid-xs-12 css-1lwj3w1-MuiGrid-root"
        >
          <div
            class="MuiPaper-root MuiPaper-elevation MuiPaper-rounded MuiPaper-elevation0 css-e7v8dc-MuiPaper-root"
          >
            <div
              class="MuiGrid-root MuiGrid-container MuiGrid-direction-xs-column css-1ewlecp-MuiGrid-root"
            >
              <span
                class="MuiCircularProgress-root MuiCircularProgress-indeterminate MuiCircularProgress-colorPrimary css-vzjh3v-MuiCircularProgress-root"
                role="progressbar"
                style="width: 40px; height: 40px;"
              >
                <svg
                  class="MuiCircularProgress-svg css-1idz92c-MuiCircularProgress-svg"
                  viewBox="22 22 44 44"
                >
                  <circle
                    class="MuiCircularProgress-circle MuiCircularProgress-circleIndeterminate css-176wh8e-MuiCircularProgress-circle"
                    cx="44"
                    cy="44"
                    fill="none"
                    r="20.2"
                    stroke-width="3.6"
                  />
                </svg>
              </span>
            </div>
            <div
              class="MuiGrid-root MuiGrid-container css-1lym95h-MuiGrid-root"
            />
          </div>
        </div>
      </div>
    </div>
  </div>
</DocumentFragment>
`;
