// Jest Snapshot v1, https://goo.gl/fbAQLP

exports[`List Experiments workflow renders correctly 1`] = `
"<PageLayout heading=\\"List Experiments\\" error=\\"\\">
  <ButtonGroup buttons={{...}} />
  <ListView columns={{...}} items={[undefined]} onRowSelection={[Function: onRowSelection]} />
</PageLayout>"
`;
